// Jest Snapshot v1, https://goo.gl/fbAQLP

exports[`renders correctly 1`] = `
Array [
  <nav
    className="header navbar navbar-expand-lg navbar-light bg-faded border-bottom"
  >
    <a
      aria-current="page"
      className="navbar-brand active"
      href="/"
      onClick={[Function]}
      style={Object {}}
    >
      Chat
    </a>
    <button
      className="navbar-toggler"
      data-target="#navbarSupportedContent"
      data-toggle="collapse"
      type="button"
    >
      <span
        className="navbar-toggler-icon"
      />
    </button>
    <div
      className="collapse navbar-collapse"
    >
      <ul
        className="navbar-nav mr-auto"
      >
        <li
          className="nav-item active"
        >
          <a
            aria-current="page"
            className="nav-link active"
            href="/"
            onClick={[Function]}
            style={Object {}}
          >
            Home
          </a>
        </li>
      </ul>
    </div>
  </nav>,
  <div
    className="main container-fluid"
  />,
  <div />,
  <footer
    className="footer align-items-end"
  >
    <div
      className="container-fluid"
    >
      Footer
    </div>
  </footer>,
]
`;
