// Jest Snapshot v1, https://goo.gl/fbAQLP

exports[`renders correctly 1`] = `
<div
  className="mb-1"
>
  <span
    className="font-weight-bold"
  >
    name
    : 
  </span>
  hello
</div>
`;
